I'm sorry, but errors were detected in your script. Please correct the
errors listed below, and try again.


File "game/script.rpy", line 17: expected statement.
    <<<<<<< Updated upstream
                            ^

File "game/script.rpy", line 23: expected statement.
    =======
          ^

File "game/script.rpy", line 26: expected statement.
    >>>>>>> Stashed changes
                           ^

Ren'Py Version: Ren'Py 8.1.3.23091805
Tue Dec 31 22:03:37 2024
